// Jest Snapshot v1, https://goo.gl/fbAQLP

exports[`<Button /> faz snapshot do componente 1`] = `
<View
  accessibilityState={
    {
      "busy": undefined,
      "checked": undefined,
      "disabled": undefined,
      "expanded": undefined,
      "selected": undefined,
    }
  }
  accessibilityValue={
    {
      "max": undefined,
      "min": undefined,
      "now": undefined,
      "text": undefined,
    }
  }
  accessible={true}
  collapsable={false}
  focusable={false}
  onClick={[Function]}
  onResponderGrant={[Function]}
  onResponderMove={[Function]}
  onResponderRelease={[Function]}
  onResponderTerminate={[Function]}
  onResponderTerminationRequest={[Function]}
  onStartShouldSetResponder={[Function]}
  style={
    {
      "alignItems": "center",
      "backgroundColor": "#398ccb",
      "borderBottomLeftRadius": 8,
      "borderBottomRightRadius": 8,
      "borderTopLeftRadius": 8,
      "borderTopRightRadius": 8,
      "opacity": 1,
      "paddingBottom": 12,
      "paddingLeft": 12,
      "paddingRight": 12,
      "paddingTop": 12,
      "width": "100%",
    }
  }
>
  <Text
    style={
      {
        "color": "#fff",
        "fontSize": 18,
        "fontWeight": "bold",
      }
    }
    variant="container"
  >
    Snapshot
  </Text>
</View>
`;

exports[`<Button /> matches the component snapshot 1`] = `
<View
  accessibilityState={
    {
      "busy": undefined,
      "checked": undefined,
      "disabled": undefined,
      "expanded": undefined,
      "selected": undefined,
    }
  }
  accessibilityValue={
    {
      "max": undefined,
      "min": undefined,
      "now": undefined,
      "text": undefined,
    }
  }
  accessible={true}
  collapsable={false}
  focusable={false}
  onClick={[Function]}
  onResponderGrant={[Function]}
  onResponderMove={[Function]}
  onResponderRelease={[Function]}
  onResponderTerminate={[Function]}
  onResponderTerminationRequest={[Function]}
  onStartShouldSetResponder={[Function]}
  style={
    {
      "alignItems": "center",
      "backgroundColor": "#398ccb",
      "borderBottomLeftRadius": 8,
      "borderBottomRightRadius": 8,
      "borderTopLeftRadius": 8,
      "borderTopRightRadius": 8,
      "opacity": 1,
      "paddingBottom": 12,
      "paddingLeft": 12,
      "paddingRight": 12,
      "paddingTop": 12,
      "width": "100%",
    }
  }
>
  <Text
    style={
      {
        "color": "#fff",
        "fontSize": 18,
        "fontWeight": "bold",
      }
    }
    variant="container"
  >
    Snapshot
  </Text>
</View>
`;

exports[`<Button /> should match the component snapshot when rendered 1`] = `
<View
  accessibilityState={
    {
      "busy": undefined,
      "checked": undefined,
      "disabled": undefined,
      "expanded": undefined,
      "selected": undefined,
    }
  }
  accessibilityValue={
    {
      "max": undefined,
      "min": undefined,
      "now": undefined,
      "text": undefined,
    }
  }
  accessible={true}
  collapsable={false}
  focusable={false}
  onClick={[Function]}
  onResponderGrant={[Function]}
  onResponderMove={[Function]}
  onResponderRelease={[Function]}
  onResponderTerminate={[Function]}
  onResponderTerminationRequest={[Function]}
  onStartShouldSetResponder={[Function]}
  style={
    {
      "alignItems": "center",
      "backgroundColor": "#398ccb",
      "borderBottomLeftRadius": 8,
      "borderBottomRightRadius": 8,
      "borderTopLeftRadius": 8,
      "borderTopRightRadius": 8,
      "opacity": 1,
      "paddingBottom": 12,
      "paddingLeft": 12,
      "paddingRight": 12,
      "paddingTop": 12,
      "width": "100%",
    }
  }
>
  <Text
    style={
      {
        "color": "#fff",
        "fontSize": 18,
        "fontWeight": "bold",
      }
    }
    variant="container"
  >
    Snapshot
  </Text>
</View>
`;
